// Jest Snapshot v1, https://goo.gl/fbAQLP

exports[`App should render without crashing 1`] = `
<div
  className="App"
>
  <form>
    Addition: 
    <input
      id="value1"
      name="value1"
      onChange={[MockFunction]}
      type="number"
    />
    + 
    <input
      id="value2"
      name="value2"
      onChange={[MockFunction]}
    />
    <button
      onClick={[MockFunction]}
      type="submit"
    >
      ADD
    </button>
  </form>
  <br />
  <p
    id="answer"
    style={
      Object {
        "color": "red",
      }
    }
  >
    Answer: 
  </p>
</div>
`;
