// Jest Snapshot v1, https://goo.gl/fbAQLP

exports[`AppContainer should render without crashing 1`] = `
<App
  answer=""
  handleChange={[Function]}
  handleSubmit={[Function]}
/>
`;
